// Jest Snapshot v1, https://goo.gl/fbAQLP

exports[`should correctly render Pagination with both Previous and Next buttons 1`] = `ShallowWrapper {}`;
