// Jest Snapshot v1, https://goo.gl/fbAQLP

exports[`should correctly render Search 1`] = `ShallowWrapper {}`;
